---
source: ir/tests/grammar_json_snapshots.rs
expression: grammar_json(&grammar)
---
{
  "name": "production_ids",
  "rules": {
    "3": [
      {
        "lhs": 3,
        "rhs": [
          {
            "Terminal": 1
          }
        ],
        "precedence": null,
        "associativity": null,
        "fields": [],
        "production_id": 0
      },
      {
        "lhs": 3,
        "rhs": [
          {
            "Terminal": 2
          }
        ],
        "precedence": null,
        "associativity": null,
        "fields": [],
        "production_id": 1
      },
      {
        "lhs": 3,
        "rhs": [
          {
            "Terminal": 1
          },
          {
            "Terminal": 2
          }
        ],
        "precedence": null,
        "associativity": null,
        "fields": [],
        "production_id": 2
      }
    ]
  },
  "tokens": {
    "1": {
      "name": "A",
      "pattern": {
        "String": "a"
      },
      "fragile": false
    },
    "2": {
      "name": "B",
      "pattern": {
        "String": "b"
      },
      "fragile": false
    }
  },
  "precedences": [],
  "conflicts": [],
  "externals": [],
  "extras": [],
  "fields": {},
  "supertypes": [],
  "inline_rules": [],
  "alias_sequences": {},
  "production_ids": {
    "0": 0,
    "1": 1,
    "2": 2
  },
  "max_alias_sequence_length": 0,
  "rule_names": {
    "3": "start"
  },
  "symbol_registry": null,
  "word_token": null,
  "lexical_metadata": {}
}
